#-----------------------------------------------------------
# Vivado v2025.2 (64-bit)
# SW Build 6299465 on Fri Nov 14 19:35:11 GMT 2025
# IP Build 6300035 on Fri Nov 14 10:48:45 MST 2025
# SharedData Build 6298862 on Thu Nov 13 04:50:51 MST 2025
# Start of session at: Fri Apr 10 11:05:53 2026
# Process ID         : 7800
# Current directory  : C:/Users/login/Documents/GitHub/CompilerMicroprocessorProject/MicroProcessor
# Command line       : vivado.exe -gui_launcher_event rodinguilauncherevent11712 C:\Users\login\Documents\GitHub\CompilerMicroprocessorProject\MicroProcessor\ProjetSystemeInformatique.xpr
# Log file           : C:/Users/login/Documents/GitHub/CompilerMicroprocessorProject/MicroProcessor/vivado.log
# Journal file       : C:/Users/login/Documents/GitHub/CompilerMicroprocessorProject/MicroProcessor\vivado.jou
# Running On         : andreashwin11
# Platform           : Windows Server 2016 or Windows 10
# Operating System   : 26200
# Processor Detail   : AMD Ryzen 9 5980HS with Radeon Graphics        
# CPU Frequency      : 3294 MHz
# CPU Physical cores : 8
# CPU Logical cores  : 16
# Host memory        : 33722 MB
# Swap memory        : 2147 MB
# Total Virtual      : 35870 MB
# Available Virtual  : 28949 MB
#-----------------------------------------------------------
start_gui
open_project C:/Users/login/Documents/GitHub/CompilerMicroprocessorProject/MicroProcessor/ProjetSystemeInformatique.xpr
update_compile_order -fileset sources_1
launch_simulation
source PerceptronTb.tcl
restart
run 3000 ns
close_sim
close [ open C:/Users/login/Documents/GitHub/CompilerMicroprocessorProject/MicroProcessor/ProjetSystemeInformatique.srcs/sources_1/new/Banc_Registre.vhd w ]
add_files C:/Users/login/Documents/GitHub/CompilerMicroprocessorProject/MicroProcessor/ProjetSystemeInformatique.srcs/sources_1/new/Banc_Registre.vhd
update_compile_order -fileset sources_1
